  Geri yüklenecek projeler belirleniyor...
  Geri yükleme için tüm projeler güncel.
C:\Users\kivac\OneDrive\Desktop\wetalkin\DoWeTalk-main\DoWeTalk.Tests\MSTestSettings.cs(1,12): error CS0246: 'ParallelizeAttribute' türü veya ad alanı adı bulunamadı (bir using yönergeniz veya derleme başvurunuz mu eksik?) [C:\Users\kivac\OneDrive\Desktop\wetalkin\DoWeTalk-main\DoWeTalk.csproj]
C:\Users\kivac\OneDrive\Desktop\wetalkin\DoWeTalk-main\DoWeTalk.Tests\MSTestSettings.cs(1,12): error CS0246: 'Parallelize' türü veya ad alanı adı bulunamadı (bir using yönergeniz veya derleme başvurunuz mu eksik?) [C:\Users\kivac\OneDrive\Desktop\wetalkin\DoWeTalk-main\DoWeTalk.csproj]
C:\Users\kivac\OneDrive\Desktop\wetalkin\DoWeTalk-main\DoWeTalk.Tests\MSTestSettings.cs(1,32): error CS0103: 'ExecutionScope' adı geçerli bağlamda yok [C:\Users\kivac\OneDrive\Desktop\wetalkin\DoWeTalk-main\DoWeTalk.csproj]
C:\Users\kivac\OneDrive\Desktop\wetalkin\DoWeTalk-main\DoWeTalk.Tests\AuthorizationTests.cs(8,30): error CS0234: 'TestTools' tür veya ad alanı adı 'Microsoft.VisualStudio' ad alanında yok (bir derleme başvurunuz mu eksik?) [C:\Users\kivac\OneDrive\Desktop\wetalkin\DoWeTalk-main\DoWeTalk.csproj]
C:\Users\kivac\OneDrive\Desktop\wetalkin\DoWeTalk-main\DoWeTalk.Tests\obj\Debug\net10.0\DoWeTalk.Tests.GlobalUsings.g.cs(2,37): error CS0234: 'TestTools' tür veya ad alanı adı 'Microsoft.VisualStudio' ad alanında yok (bir derleme başvurunuz mu eksik?) [C:\Users\kivac\OneDrive\Desktop\wetalkin\DoWeTalk-main\DoWeTalk.csproj]
C:\Users\kivac\OneDrive\Desktop\wetalkin\DoWeTalk-main\DoWeTalk.Tests\Test1.cs(3,2): error CS0246: 'TestClassAttribute' türü veya ad alanı adı bulunamadı (bir using yönergeniz veya derleme başvurunuz mu eksik?) [C:\Users\kivac\OneDrive\Desktop\wetalkin\DoWeTalk-main\DoWeTalk.csproj]
C:\Users\kivac\OneDrive\Desktop\wetalkin\DoWeTalk-main\DoWeTalk.Tests\Test1.cs(3,2): error CS0246: 'TestClass' türü veya ad alanı adı bulunamadı (bir using yönergeniz veya derleme başvurunuz mu eksik?) [C:\Users\kivac\OneDrive\Desktop\wetalkin\DoWeTalk-main\DoWeTalk.csproj]
C:\Users\kivac\OneDrive\Desktop\wetalkin\DoWeTalk-main\DoWeTalk.Tests\AuthorizationTests.cs(12,6): error CS0246: 'TestClassAttribute' türü veya ad alanı adı bulunamadı (bir using yönergeniz veya derleme başvurunuz mu eksik?) [C:\Users\kivac\OneDrive\Desktop\wetalkin\DoWeTalk-main\DoWeTalk.csproj]
C:\Users\kivac\OneDrive\Desktop\wetalkin\DoWeTalk-main\DoWeTalk.Tests\AuthorizationTests.cs(12,6): error CS0246: 'TestClass' türü veya ad alanı adı bulunamadı (bir using yönergeniz veya derleme başvurunuz mu eksik?) [C:\Users\kivac\OneDrive\Desktop\wetalkin\DoWeTalk-main\DoWeTalk.csproj]
C:\Users\kivac\OneDrive\Desktop\wetalkin\DoWeTalk-main\DoWeTalk.Tests\Test1.cs(6,6): error CS0246: 'TestMethodAttribute' türü veya ad alanı adı bulunamadı (bir using yönergeniz veya derleme başvurunuz mu eksik?) [C:\Users\kivac\OneDrive\Desktop\wetalkin\DoWeTalk-main\DoWeTalk.csproj]
C:\Users\kivac\OneDrive\Desktop\wetalkin\DoWeTalk-main\DoWeTalk.Tests\Test1.cs(6,6): error CS0246: 'TestMethod' türü veya ad alanı adı bulunamadı (bir using yönergeniz veya derleme başvurunuz mu eksik?) [C:\Users\kivac\OneDrive\Desktop\wetalkin\DoWeTalk-main\DoWeTalk.csproj]
C:\Users\kivac\OneDrive\Desktop\wetalkin\DoWeTalk-main\DoWeTalk.Tests\AuthorizationTests.cs(23,10): error CS0246: 'TestMethodAttribute' türü veya ad alanı adı bulunamadı (bir using yönergeniz veya derleme başvurunuz mu eksik?) [C:\Users\kivac\OneDrive\Desktop\wetalkin\DoWeTalk-main\DoWeTalk.csproj]
C:\Users\kivac\OneDrive\Desktop\wetalkin\DoWeTalk-main\DoWeTalk.Tests\AuthorizationTests.cs(23,10): error CS0246: 'TestMethod' türü veya ad alanı adı bulunamadı (bir using yönergeniz veya derleme başvurunuz mu eksik?) [C:\Users\kivac\OneDrive\Desktop\wetalkin\DoWeTalk-main\DoWeTalk.csproj]
C:\Users\kivac\OneDrive\Desktop\wetalkin\DoWeTalk-main\DoWeTalk.Tests\AuthorizationTests.cs(41,10): error CS0246: 'TestMethodAttribute' türü veya ad alanı adı bulunamadı (bir using yönergeniz veya derleme başvurunuz mu eksik?) [C:\Users\kivac\OneDrive\Desktop\wetalkin\DoWeTalk-main\DoWeTalk.csproj]
C:\Users\kivac\OneDrive\Desktop\wetalkin\DoWeTalk-main\DoWeTalk.Tests\AuthorizationTests.cs(41,10): error CS0246: 'TestMethod' türü veya ad alanı adı bulunamadı (bir using yönergeniz veya derleme başvurunuz mu eksik?) [C:\Users\kivac\OneDrive\Desktop\wetalkin\DoWeTalk-main\DoWeTalk.csproj]
C:\Users\kivac\OneDrive\Desktop\wetalkin\DoWeTalk-main\DoWeTalk.Tests\AuthorizationTests.cs(63,10): error CS0246: 'TestMethodAttribute' türü veya ad alanı adı bulunamadı (bir using yönergeniz veya derleme başvurunuz mu eksik?) [C:\Users\kivac\OneDrive\Desktop\wetalkin\DoWeTalk-main\DoWeTalk.csproj]
C:\Users\kivac\OneDrive\Desktop\wetalkin\DoWeTalk-main\DoWeTalk.Tests\AuthorizationTests.cs(63,10): error CS0246: 'TestMethod' türü veya ad alanı adı bulunamadı (bir using yönergeniz veya derleme başvurunuz mu eksik?) [C:\Users\kivac\OneDrive\Desktop\wetalkin\DoWeTalk-main\DoWeTalk.csproj]
C:\Users\kivac\OneDrive\Desktop\wetalkin\DoWeTalk-main\DoWeTalk.Tests\AuthorizationTests.cs(84,10): error CS0246: 'TestMethodAttribute' türü veya ad alanı adı bulunamadı (bir using yönergeniz veya derleme başvurunuz mu eksik?) [C:\Users\kivac\OneDrive\Desktop\wetalkin\DoWeTalk-main\DoWeTalk.csproj]
C:\Users\kivac\OneDrive\Desktop\wetalkin\DoWeTalk-main\DoWeTalk.Tests\AuthorizationTests.cs(84,10): error CS0246: 'TestMethod' türü veya ad alanı adı bulunamadı (bir using yönergeniz veya derleme başvurunuz mu eksik?) [C:\Users\kivac\OneDrive\Desktop\wetalkin\DoWeTalk-main\DoWeTalk.csproj]
C:\Users\kivac\OneDrive\Desktop\wetalkin\DoWeTalk-main\DoWeTalk.Tests\AuthorizationTests.cs(111,10): error CS0246: 'TestMethodAttribute' türü veya ad alanı adı bulunamadı (bir using yönergeniz veya derleme başvurunuz mu eksik?) [C:\Users\kivac\OneDrive\Desktop\wetalkin\DoWeTalk-main\DoWeTalk.csproj]
C:\Users\kivac\OneDrive\Desktop\wetalkin\DoWeTalk-main\DoWeTalk.Tests\AuthorizationTests.cs(111,10): error CS0246: 'TestMethod' türü veya ad alanı adı bulunamadı (bir using yönergeniz veya derleme başvurunuz mu eksik?) [C:\Users\kivac\OneDrive\Desktop\wetalkin\DoWeTalk-main\DoWeTalk.csproj]

Oluşturma BAŞARISIZ OLDU.

C:\Users\kivac\OneDrive\Desktop\wetalkin\DoWeTalk-main\DoWeTalk.Tests\MSTestSettings.cs(1,12): error CS0246: 'ParallelizeAttribute' türü veya ad alanı adı bulunamadı (bir using yönergeniz veya derleme başvurunuz mu eksik?) [C:\Users\kivac\OneDrive\Desktop\wetalkin\DoWeTalk-main\DoWeTalk.csproj]
C:\Users\kivac\OneDrive\Desktop\wetalkin\DoWeTalk-main\DoWeTalk.Tests\MSTestSettings.cs(1,12): error CS0246: 'Parallelize' türü veya ad alanı adı bulunamadı (bir using yönergeniz veya derleme başvurunuz mu eksik?) [C:\Users\kivac\OneDrive\Desktop\wetalkin\DoWeTalk-main\DoWeTalk.csproj]
C:\Users\kivac\OneDrive\Desktop\wetalkin\DoWeTalk-main\DoWeTalk.Tests\MSTestSettings.cs(1,32): error CS0103: 'ExecutionScope' adı geçerli bağlamda yok [C:\Users\kivac\OneDrive\Desktop\wetalkin\DoWeTalk-main\DoWeTalk.csproj]
C:\Users\kivac\OneDrive\Desktop\wetalkin\DoWeTalk-main\DoWeTalk.Tests\AuthorizationTests.cs(8,30): error CS0234: 'TestTools' tür veya ad alanı adı 'Microsoft.VisualStudio' ad alanında yok (bir derleme başvurunuz mu eksik?) [C:\Users\kivac\OneDrive\Desktop\wetalkin\DoWeTalk-main\DoWeTalk.csproj]
C:\Users\kivac\OneDrive\Desktop\wetalkin\DoWeTalk-main\DoWeTalk.Tests\obj\Debug\net10.0\DoWeTalk.Tests.GlobalUsings.g.cs(2,37): error CS0234: 'TestTools' tür veya ad alanı adı 'Microsoft.VisualStudio' ad alanında yok (bir derleme başvurunuz mu eksik?) [C:\Users\kivac\OneDrive\Desktop\wetalkin\DoWeTalk-main\DoWeTalk.csproj]
C:\Users\kivac\OneDrive\Desktop\wetalkin\DoWeTalk-main\DoWeTalk.Tests\Test1.cs(3,2): error CS0246: 'TestClassAttribute' türü veya ad alanı adı bulunamadı (bir using yönergeniz veya derleme başvurunuz mu eksik?) [C:\Users\kivac\OneDrive\Desktop\wetalkin\DoWeTalk-main\DoWeTalk.csproj]
C:\Users\kivac\OneDrive\Desktop\wetalkin\DoWeTalk-main\DoWeTalk.Tests\Test1.cs(3,2): error CS0246: 'TestClass' türü veya ad alanı adı bulunamadı (bir using yönergeniz veya derleme başvurunuz mu eksik?) [C:\Users\kivac\OneDrive\Desktop\wetalkin\DoWeTalk-main\DoWeTalk.csproj]
C:\Users\kivac\OneDrive\Desktop\wetalkin\DoWeTalk-main\DoWeTalk.Tests\AuthorizationTests.cs(12,6): error CS0246: 'TestClassAttribute' türü veya ad alanı adı bulunamadı (bir using yönergeniz veya derleme başvurunuz mu eksik?) [C:\Users\kivac\OneDrive\Desktop\wetalkin\DoWeTalk-main\DoWeTalk.csproj]
C:\Users\kivac\OneDrive\Desktop\wetalkin\DoWeTalk-main\DoWeTalk.Tests\AuthorizationTests.cs(12,6): error CS0246: 'TestClass' türü veya ad alanı adı bulunamadı (bir using yönergeniz veya derleme başvurunuz mu eksik?) [C:\Users\kivac\OneDrive\Desktop\wetalkin\DoWeTalk-main\DoWeTalk.csproj]
C:\Users\kivac\OneDrive\Desktop\wetalkin\DoWeTalk-main\DoWeTalk.Tests\Test1.cs(6,6): error CS0246: 'TestMethodAttribute' türü veya ad alanı adı bulunamadı (bir using yönergeniz veya derleme başvurunuz mu eksik?) [C:\Users\kivac\OneDrive\Desktop\wetalkin\DoWeTalk-main\DoWeTalk.csproj]
C:\Users\kivac\OneDrive\Desktop\wetalkin\DoWeTalk-main\DoWeTalk.Tests\Test1.cs(6,6): error CS0246: 'TestMethod' türü veya ad alanı adı bulunamadı (bir using yönergeniz veya derleme başvurunuz mu eksik?) [C:\Users\kivac\OneDrive\Desktop\wetalkin\DoWeTalk-main\DoWeTalk.csproj]
C:\Users\kivac\OneDrive\Desktop\wetalkin\DoWeTalk-main\DoWeTalk.Tests\AuthorizationTests.cs(23,10): error CS0246: 'TestMethodAttribute' türü veya ad alanı adı bulunamadı (bir using yönergeniz veya derleme başvurunuz mu eksik?) [C:\Users\kivac\OneDrive\Desktop\wetalkin\DoWeTalk-main\DoWeTalk.csproj]
C:\Users\kivac\OneDrive\Desktop\wetalkin\DoWeTalk-main\DoWeTalk.Tests\AuthorizationTests.cs(23,10): error CS0246: 'TestMethod' türü veya ad alanı adı bulunamadı (bir using yönergeniz veya derleme başvurunuz mu eksik?) [C:\Users\kivac\OneDrive\Desktop\wetalkin\DoWeTalk-main\DoWeTalk.csproj]
C:\Users\kivac\OneDrive\Desktop\wetalkin\DoWeTalk-main\DoWeTalk.Tests\AuthorizationTests.cs(41,10): error CS0246: 'TestMethodAttribute' türü veya ad alanı adı bulunamadı (bir using yönergeniz veya derleme başvurunuz mu eksik?) [C:\Users\kivac\OneDrive\Desktop\wetalkin\DoWeTalk-main\DoWeTalk.csproj]
C:\Users\kivac\OneDrive\Desktop\wetalkin\DoWeTalk-main\DoWeTalk.Tests\AuthorizationTests.cs(41,10): error CS0246: 'TestMethod' türü veya ad alanı adı bulunamadı (bir using yönergeniz veya derleme başvurunuz mu eksik?) [C:\Users\kivac\OneDrive\Desktop\wetalkin\DoWeTalk-main\DoWeTalk.csproj]
C:\Users\kivac\OneDrive\Desktop\wetalkin\DoWeTalk-main\DoWeTalk.Tests\AuthorizationTests.cs(63,10): error CS0246: 'TestMethodAttribute' türü veya ad alanı adı bulunamadı (bir using yönergeniz veya derleme başvurunuz mu eksik?) [C:\Users\kivac\OneDrive\Desktop\wetalkin\DoWeTalk-main\DoWeTalk.csproj]
C:\Users\kivac\OneDrive\Desktop\wetalkin\DoWeTalk-main\DoWeTalk.Tests\AuthorizationTests.cs(63,10): error CS0246: 'TestMethod' türü veya ad alanı adı bulunamadı (bir using yönergeniz veya derleme başvurunuz mu eksik?) [C:\Users\kivac\OneDrive\Desktop\wetalkin\DoWeTalk-main\DoWeTalk.csproj]
C:\Users\kivac\OneDrive\Desktop\wetalkin\DoWeTalk-main\DoWeTalk.Tests\AuthorizationTests.cs(84,10): error CS0246: 'TestMethodAttribute' türü veya ad alanı adı bulunamadı (bir using yönergeniz veya derleme başvurunuz mu eksik?) [C:\Users\kivac\OneDrive\Desktop\wetalkin\DoWeTalk-main\DoWeTalk.csproj]
C:\Users\kivac\OneDrive\Desktop\wetalkin\DoWeTalk-main\DoWeTalk.Tests\AuthorizationTests.cs(84,10): error CS0246: 'TestMethod' türü veya ad alanı adı bulunamadı (bir using yönergeniz veya derleme başvurunuz mu eksik?) [C:\Users\kivac\OneDrive\Desktop\wetalkin\DoWeTalk-main\DoWeTalk.csproj]
C:\Users\kivac\OneDrive\Desktop\wetalkin\DoWeTalk-main\DoWeTalk.Tests\AuthorizationTests.cs(111,10): error CS0246: 'TestMethodAttribute' türü veya ad alanı adı bulunamadı (bir using yönergeniz veya derleme başvurunuz mu eksik?) [C:\Users\kivac\OneDrive\Desktop\wetalkin\DoWeTalk-main\DoWeTalk.csproj]
C:\Users\kivac\OneDrive\Desktop\wetalkin\DoWeTalk-main\DoWeTalk.Tests\AuthorizationTests.cs(111,10): error CS0246: 'TestMethod' türü veya ad alanı adı bulunamadı (bir using yönergeniz veya derleme başvurunuz mu eksik?) [C:\Users\kivac\OneDrive\Desktop\wetalkin\DoWeTalk-main\DoWeTalk.csproj]
    0 Uyarı
    21 Hata

Geçen Süre 00:00:01.93
