  Geri yüklenecek projeler belirleniyor...
  Geri yükleme için tüm projeler güncel.
C:\Users\kivac\OneDrive\Desktop\wetalkin\DoWeTalk-main\DoWeTalk.Tests\AuthorizationTests.cs(8,7): error CS0246: 'Xunit' türü veya ad alanı adı bulunamadı (bir using yönergeniz veya derleme başvurunuz mu eksik?) [C:\Users\kivac\OneDrive\Desktop\wetalkin\DoWeTalk-main\DoWeTalk.csproj]
C:\Users\kivac\OneDrive\Desktop\wetalkin\DoWeTalk-main\DoWeTalk.Tests\obj\Debug\net10.0\DoWeTalk.Tests.GlobalUsings.g.cs(9,14): error CS0246: 'Xunit' türü veya ad alanı adı bulunamadı (bir using yönergeniz veya derleme başvurunuz mu eksik?) [C:\Users\kivac\OneDrive\Desktop\wetalkin\DoWeTalk-main\DoWeTalk.csproj]
C:\Users\kivac\OneDrive\Desktop\wetalkin\DoWeTalk-main\DoWeTalk.Tests\obj\Debug\net9.0\DoWeTalk.Tests.GlobalUsings.g.cs(9,14): error CS0246: 'Xunit' türü veya ad alanı adı bulunamadı (bir using yönergeniz veya derleme başvurunuz mu eksik?) [C:\Users\kivac\OneDrive\Desktop\wetalkin\DoWeTalk-main\DoWeTalk.csproj]
C:\Users\kivac\OneDrive\Desktop\wetalkin\DoWeTalk-main\DoWeTalk.Tests\AuthorizationTests.cs(22,10): error CS0246: 'FactAttribute' türü veya ad alanı adı bulunamadı (bir using yönergeniz veya derleme başvurunuz mu eksik?) [C:\Users\kivac\OneDrive\Desktop\wetalkin\DoWeTalk-main\DoWeTalk.csproj]
C:\Users\kivac\OneDrive\Desktop\wetalkin\DoWeTalk-main\DoWeTalk.Tests\AuthorizationTests.cs(22,10): error CS0246: 'Fact' türü veya ad alanı adı bulunamadı (bir using yönergeniz veya derleme başvurunuz mu eksik?) [C:\Users\kivac\OneDrive\Desktop\wetalkin\DoWeTalk-main\DoWeTalk.csproj]
C:\Users\kivac\OneDrive\Desktop\wetalkin\DoWeTalk-main\DoWeTalk.Tests\AuthorizationTests.cs(40,10): error CS0246: 'FactAttribute' türü veya ad alanı adı bulunamadı (bir using yönergeniz veya derleme başvurunuz mu eksik?) [C:\Users\kivac\OneDrive\Desktop\wetalkin\DoWeTalk-main\DoWeTalk.csproj]
C:\Users\kivac\OneDrive\Desktop\wetalkin\DoWeTalk-main\DoWeTalk.Tests\AuthorizationTests.cs(40,10): error CS0246: 'Fact' türü veya ad alanı adı bulunamadı (bir using yönergeniz veya derleme başvurunuz mu eksik?) [C:\Users\kivac\OneDrive\Desktop\wetalkin\DoWeTalk-main\DoWeTalk.csproj]
C:\Users\kivac\OneDrive\Desktop\wetalkin\DoWeTalk-main\DoWeTalk.Tests\AuthorizationTests.cs(62,10): error CS0246: 'FactAttribute' türü veya ad alanı adı bulunamadı (bir using yönergeniz veya derleme başvurunuz mu eksik?) [C:\Users\kivac\OneDrive\Desktop\wetalkin\DoWeTalk-main\DoWeTalk.csproj]
C:\Users\kivac\OneDrive\Desktop\wetalkin\DoWeTalk-main\DoWeTalk.Tests\AuthorizationTests.cs(62,10): error CS0246: 'Fact' türü veya ad alanı adı bulunamadı (bir using yönergeniz veya derleme başvurunuz mu eksik?) [C:\Users\kivac\OneDrive\Desktop\wetalkin\DoWeTalk-main\DoWeTalk.csproj]
C:\Users\kivac\OneDrive\Desktop\wetalkin\DoWeTalk-main\DoWeTalk.Tests\AuthorizationTests.cs(83,10): error CS0246: 'FactAttribute' türü veya ad alanı adı bulunamadı (bir using yönergeniz veya derleme başvurunuz mu eksik?) [C:\Users\kivac\OneDrive\Desktop\wetalkin\DoWeTalk-main\DoWeTalk.csproj]
C:\Users\kivac\OneDrive\Desktop\wetalkin\DoWeTalk-main\DoWeTalk.Tests\AuthorizationTests.cs(83,10): error CS0246: 'Fact' türü veya ad alanı adı bulunamadı (bir using yönergeniz veya derleme başvurunuz mu eksik?) [C:\Users\kivac\OneDrive\Desktop\wetalkin\DoWeTalk-main\DoWeTalk.csproj]

Oluşturma BAŞARISIZ OLDU.

C:\Users\kivac\OneDrive\Desktop\wetalkin\DoWeTalk-main\DoWeTalk.Tests\AuthorizationTests.cs(8,7): error CS0246: 'Xunit' türü veya ad alanı adı bulunamadı (bir using yönergeniz veya derleme başvurunuz mu eksik?) [C:\Users\kivac\OneDrive\Desktop\wetalkin\DoWeTalk-main\DoWeTalk.csproj]
C:\Users\kivac\OneDrive\Desktop\wetalkin\DoWeTalk-main\DoWeTalk.Tests\obj\Debug\net10.0\DoWeTalk.Tests.GlobalUsings.g.cs(9,14): error CS0246: 'Xunit' türü veya ad alanı adı bulunamadı (bir using yönergeniz veya derleme başvurunuz mu eksik?) [C:\Users\kivac\OneDrive\Desktop\wetalkin\DoWeTalk-main\DoWeTalk.csproj]
C:\Users\kivac\OneDrive\Desktop\wetalkin\DoWeTalk-main\DoWeTalk.Tests\obj\Debug\net9.0\DoWeTalk.Tests.GlobalUsings.g.cs(9,14): error CS0246: 'Xunit' türü veya ad alanı adı bulunamadı (bir using yönergeniz veya derleme başvurunuz mu eksik?) [C:\Users\kivac\OneDrive\Desktop\wetalkin\DoWeTalk-main\DoWeTalk.csproj]
C:\Users\kivac\OneDrive\Desktop\wetalkin\DoWeTalk-main\DoWeTalk.Tests\AuthorizationTests.cs(22,10): error CS0246: 'FactAttribute' türü veya ad alanı adı bulunamadı (bir using yönergeniz veya derleme başvurunuz mu eksik?) [C:\Users\kivac\OneDrive\Desktop\wetalkin\DoWeTalk-main\DoWeTalk.csproj]
C:\Users\kivac\OneDrive\Desktop\wetalkin\DoWeTalk-main\DoWeTalk.Tests\AuthorizationTests.cs(22,10): error CS0246: 'Fact' türü veya ad alanı adı bulunamadı (bir using yönergeniz veya derleme başvurunuz mu eksik?) [C:\Users\kivac\OneDrive\Desktop\wetalkin\DoWeTalk-main\DoWeTalk.csproj]
C:\Users\kivac\OneDrive\Desktop\wetalkin\DoWeTalk-main\DoWeTalk.Tests\AuthorizationTests.cs(40,10): error CS0246: 'FactAttribute' türü veya ad alanı adı bulunamadı (bir using yönergeniz veya derleme başvurunuz mu eksik?) [C:\Users\kivac\OneDrive\Desktop\wetalkin\DoWeTalk-main\DoWeTalk.csproj]
C:\Users\kivac\OneDrive\Desktop\wetalkin\DoWeTalk-main\DoWeTalk.Tests\AuthorizationTests.cs(40,10): error CS0246: 'Fact' türü veya ad alanı adı bulunamadı (bir using yönergeniz veya derleme başvurunuz mu eksik?) [C:\Users\kivac\OneDrive\Desktop\wetalkin\DoWeTalk-main\DoWeTalk.csproj]
C:\Users\kivac\OneDrive\Desktop\wetalkin\DoWeTalk-main\DoWeTalk.Tests\AuthorizationTests.cs(62,10): error CS0246: 'FactAttribute' türü veya ad alanı adı bulunamadı (bir using yönergeniz veya derleme başvurunuz mu eksik?) [C:\Users\kivac\OneDrive\Desktop\wetalkin\DoWeTalk-main\DoWeTalk.csproj]
C:\Users\kivac\OneDrive\Desktop\wetalkin\DoWeTalk-main\DoWeTalk.Tests\AuthorizationTests.cs(62,10): error CS0246: 'Fact' türü veya ad alanı adı bulunamadı (bir using yönergeniz veya derleme başvurunuz mu eksik?) [C:\Users\kivac\OneDrive\Desktop\wetalkin\DoWeTalk-main\DoWeTalk.csproj]
C:\Users\kivac\OneDrive\Desktop\wetalkin\DoWeTalk-main\DoWeTalk.Tests\AuthorizationTests.cs(83,10): error CS0246: 'FactAttribute' türü veya ad alanı adı bulunamadı (bir using yönergeniz veya derleme başvurunuz mu eksik?) [C:\Users\kivac\OneDrive\Desktop\wetalkin\DoWeTalk-main\DoWeTalk.csproj]
C:\Users\kivac\OneDrive\Desktop\wetalkin\DoWeTalk-main\DoWeTalk.Tests\AuthorizationTests.cs(83,10): error CS0246: 'Fact' türü veya ad alanı adı bulunamadı (bir using yönergeniz veya derleme başvurunuz mu eksik?) [C:\Users\kivac\OneDrive\Desktop\wetalkin\DoWeTalk-main\DoWeTalk.csproj]
    0 Uyarı
    11 Hata

Geçen Süre 00:00:02.03
